---
http_interactions:
- request:
    method: get
    uri: https://api.github.com/repos/LukeSwenson06/little-esty-shop
    body:
      encoding: US-ASCII
      string: ''
    headers:
      User-Agent:
      - Faraday v2.3.0
      Accept-Encoding:
      - gzip;q=1.0,deflate;q=0.6,identity;q=0.3
      Accept:
      - "*/*"
  response:
    status:
      code: 403
      message: rate limit exceeded
    headers:
      Date:
      - Wed, 08 Jun 2022 22:03:45 GMT
      Server:
      - Varnish
      Strict-Transport-Security:
      - max-age=31536000; includeSubdomains; preload
      X-Content-Type-Options:
      - nosniff
      X-Frame-Options:
      - deny
      X-Xss-Protection:
      - 1; mode=block
      Content-Security-Policy:
      - default-src 'none'; style-src 'unsafe-inline'
      Access-Control-Allow-Origin:
      - "*"
      Access-Control-Expose-Headers:
      - ETag, Link, Location, Retry-After, X-GitHub-OTP, X-RateLimit-Limit, X-RateLimit-Remaining,
        X-RateLimit-Reset, X-RateLimit-Used, X-RateLimit-Resource, X-OAuth-Scopes,
        X-Accepted-OAuth-Scopes, X-Poll-Interval, X-GitHub-Media-Type, Deprecation,
        Sunset
      Content-Type:
      - application/json; charset=utf-8
      Referrer-Policy:
      - origin-when-cross-origin, strict-origin-when-cross-origin
      X-Github-Media-Type:
      - github.v3; format=json
      X-Ratelimit-Limit:
      - '60'
      X-Ratelimit-Remaining:
      - '0'
      X-Ratelimit-Reset:
      - '1654727426'
      X-Ratelimit-Resource:
      - core
      X-Ratelimit-Used:
      - '60'
      Content-Length:
      - '279'
      X-Github-Request-Id:
      - C57B:61CB:3ECD33:415BD2:62A11CC1
    body:
      encoding: UTF-8
      string: '{"message":"API rate limit exceeded for 70.252.16.199. (But here''s
        the good news: Authenticated requests get a higher rate limit. Check out the
        documentation for more details.)","documentation_url":"https://docs.github.com/rest/overview/resources-in-the-rest-api#rate-limiting"}

'
  recorded_at: Wed, 08 Jun 2022 22:03:45 GMT
- request:
    method: get
    uri: https://api.github.com/repos/LukeSwenson06/little-esty-shop/contributors
    body:
      encoding: US-ASCII
      string: ''
    headers:
      User-Agent:
      - Faraday v2.3.0
      Accept-Encoding:
      - gzip;q=1.0,deflate;q=0.6,identity;q=0.3
      Accept:
      - "*/*"
  response:
    status:
      code: 403
      message: rate limit exceeded
    headers:
      Date:
      - Wed, 08 Jun 2022 22:03:45 GMT
      Server:
      - Varnish
      Strict-Transport-Security:
      - max-age=31536000; includeSubdomains; preload
      X-Content-Type-Options:
      - nosniff
      X-Frame-Options:
      - deny
      X-Xss-Protection:
      - 1; mode=block
      Content-Security-Policy:
      - default-src 'none'; style-src 'unsafe-inline'
      Access-Control-Allow-Origin:
      - "*"
      Access-Control-Expose-Headers:
      - ETag, Link, Location, Retry-After, X-GitHub-OTP, X-RateLimit-Limit, X-RateLimit-Remaining,
        X-RateLimit-Reset, X-RateLimit-Used, X-RateLimit-Resource, X-OAuth-Scopes,
        X-Accepted-OAuth-Scopes, X-Poll-Interval, X-GitHub-Media-Type, Deprecation,
        Sunset
      Content-Type:
      - application/json; charset=utf-8
      Referrer-Policy:
      - origin-when-cross-origin, strict-origin-when-cross-origin
      X-Github-Media-Type:
      - github.v3; format=json
      X-Ratelimit-Limit:
      - '60'
      X-Ratelimit-Remaining:
      - '0'
      X-Ratelimit-Reset:
      - '1654727426'
      X-Ratelimit-Resource:
      - core
      X-Ratelimit-Used:
      - '60'
      Content-Length:
      - '279'
      X-Github-Request-Id:
      - C57C:1C92:89FBC:A6FDC:62A11CC1
    body:
      encoding: UTF-8
      string: '{"message":"API rate limit exceeded for 70.252.16.199. (But here''s
        the good news: Authenticated requests get a higher rate limit. Check out the
        documentation for more details.)","documentation_url":"https://docs.github.com/rest/overview/resources-in-the-rest-api#rate-limiting"}

'
  recorded_at: Wed, 08 Jun 2022 22:03:45 GMT
- request:
    method: get
    uri: https://api.github.com/repos/LukeSwenson06/little-esty-shop/pulls?per_page=100&state=closed
    body:
      encoding: US-ASCII
      string: ''
    headers:
      User-Agent:
      - Faraday v2.3.0
      Accept-Encoding:
      - gzip;q=1.0,deflate;q=0.6,identity;q=0.3
      Accept:
      - "*/*"
  response:
    status:
      code: 403
      message: rate limit exceeded
    headers:
      Date:
      - Wed, 08 Jun 2022 22:03:46 GMT
      Server:
      - Varnish
      Strict-Transport-Security:
      - max-age=31536000; includeSubdomains; preload
      X-Content-Type-Options:
      - nosniff
      X-Frame-Options:
      - deny
      X-Xss-Protection:
      - 1; mode=block
      Content-Security-Policy:
      - default-src 'none'; style-src 'unsafe-inline'
      Access-Control-Allow-Origin:
      - "*"
      Access-Control-Expose-Headers:
      - ETag, Link, Location, Retry-After, X-GitHub-OTP, X-RateLimit-Limit, X-RateLimit-Remaining,
        X-RateLimit-Reset, X-RateLimit-Used, X-RateLimit-Resource, X-OAuth-Scopes,
        X-Accepted-OAuth-Scopes, X-Poll-Interval, X-GitHub-Media-Type, Deprecation,
        Sunset
      Content-Type:
      - application/json; charset=utf-8
      Referrer-Policy:
      - origin-when-cross-origin, strict-origin-when-cross-origin
      X-Github-Media-Type:
      - github.v3; format=json
      X-Ratelimit-Limit:
      - '60'
      X-Ratelimit-Remaining:
      - '0'
      X-Ratelimit-Reset:
      - '1654727427'
      X-Ratelimit-Resource:
      - core
      X-Ratelimit-Used:
      - '60'
      Content-Length:
      - '279'
      X-Github-Request-Id:
      - C57D:2D7D:27C931:2A1773:62A11CC2
    body:
      encoding: UTF-8
      string: '{"message":"API rate limit exceeded for 70.252.16.199. (But here''s
        the good news: Authenticated requests get a higher rate limit. Check out the
        documentation for more details.)","documentation_url":"https://docs.github.com/rest/overview/resources-in-the-rest-api#rate-limiting"}

'
  recorded_at: Wed, 08 Jun 2022 22:03:46 GMT
- request:
    method: get
    uri: https://api.github.com/repos/LukeSwenson06/little-esty-shop/commits?author=sage-skaff&per_page=100
    body:
      encoding: US-ASCII
      string: ''
    headers:
      User-Agent:
      - Faraday v2.3.0
      Accept-Encoding:
      - gzip;q=1.0,deflate;q=0.6,identity;q=0.3
      Accept:
      - "*/*"
  response:
    status:
      code: 403
      message: rate limit exceeded
    headers:
      Date:
      - Wed, 08 Jun 2022 22:03:46 GMT
      Server:
      - Varnish
      Strict-Transport-Security:
      - max-age=31536000; includeSubdomains; preload
      X-Content-Type-Options:
      - nosniff
      X-Frame-Options:
      - deny
      X-Xss-Protection:
      - 1; mode=block
      Content-Security-Policy:
      - default-src 'none'; style-src 'unsafe-inline'
      Access-Control-Allow-Origin:
      - "*"
      Access-Control-Expose-Headers:
      - ETag, Link, Location, Retry-After, X-GitHub-OTP, X-RateLimit-Limit, X-RateLimit-Remaining,
        X-RateLimit-Reset, X-RateLimit-Used, X-RateLimit-Resource, X-OAuth-Scopes,
        X-Accepted-OAuth-Scopes, X-Poll-Interval, X-GitHub-Media-Type, Deprecation,
        Sunset
      Content-Type:
      - application/json; charset=utf-8
      Referrer-Policy:
      - origin-when-cross-origin, strict-origin-when-cross-origin
      X-Github-Media-Type:
      - github.v3; format=json
      X-Ratelimit-Limit:
      - '60'
      X-Ratelimit-Remaining:
      - '0'
      X-Ratelimit-Reset:
      - '1654727427'
      X-Ratelimit-Resource:
      - core
      X-Ratelimit-Used:
      - '60'
      Content-Length:
      - '279'
      X-Github-Request-Id:
      - C57E:52DF:3B5DA9:3DEA23:62A11CC2
    body:
      encoding: UTF-8
      string: '{"message":"API rate limit exceeded for 70.252.16.199. (But here''s
        the good news: Authenticated requests get a higher rate limit. Check out the
        documentation for more details.)","documentation_url":"https://docs.github.com/rest/overview/resources-in-the-rest-api#rate-limiting"}

'
  recorded_at: Wed, 08 Jun 2022 22:03:46 GMT
recorded_with: VCR 6.1.0
