---
http_interactions:
- request:
    method: get
    uri: https://api.github.com/repos/LukeSwenson06/little-esty-shop
    body:
      encoding: US-ASCII
      string: ''
    headers:
      User-Agent:
      - Faraday v2.3.0
      Accept-Encoding:
      - gzip;q=1.0,deflate;q=0.6,identity;q=0.3
      Accept:
      - "*/*"
  response:
    status:
      code: 403
      message: rate limit exceeded
    headers:
      Date:
      - Wed, 08 Jun 2022 22:26:17 GMT
      Server:
      - Varnish
      Strict-Transport-Security:
      - max-age=31536000; includeSubdomains; preload
      X-Content-Type-Options:
      - nosniff
      X-Frame-Options:
      - deny
      X-Xss-Protection:
      - 1; mode=block
      Content-Security-Policy:
      - default-src 'none'; style-src 'unsafe-inline'
      Access-Control-Allow-Origin:
      - "*"
      Access-Control-Expose-Headers:
      - ETag, Link, Location, Retry-After, X-GitHub-OTP, X-RateLimit-Limit, X-RateLimit-Remaining,
        X-RateLimit-Reset, X-RateLimit-Used, X-RateLimit-Resource, X-OAuth-Scopes,
        X-Accepted-OAuth-Scopes, X-Poll-Interval, X-GitHub-Media-Type, Deprecation,
        Sunset
      Content-Type:
      - application/json; charset=utf-8
      Referrer-Policy:
      - origin-when-cross-origin, strict-origin-when-cross-origin
      X-Github-Media-Type:
      - github.v3; format=json
      X-Ratelimit-Limit:
      - '60'
      X-Ratelimit-Remaining:
      - '0'
      X-Ratelimit-Reset:
      - '1654729960'
      X-Ratelimit-Resource:
      - core
      X-Ratelimit-Used:
      - '60'
      Content-Length:
      - '278'
      X-Github-Request-Id:
      - D68E:26A5:205BBE:5B3625:62A12209
    body:
      encoding: UTF-8
      string: '{"message":"API rate limit exceeded for 76.169.66.72. (But here''s
        the good news: Authenticated requests get a higher rate limit. Check out the
        documentation for more details.)","documentation_url":"https://docs.github.com/rest/overview/resources-in-the-rest-api#rate-limiting"}

'
  recorded_at: Wed, 08 Jun 2022 22:26:17 GMT
- request:
    method: get
    uri: https://api.github.com/repos/LukeSwenson06/little-esty-shop/contributors
    body:
      encoding: US-ASCII
      string: ''
    headers:
      User-Agent:
      - Faraday v2.3.0
      Accept-Encoding:
      - gzip;q=1.0,deflate;q=0.6,identity;q=0.3
      Accept:
      - "*/*"
  response:
    status:
      code: 403
      message: rate limit exceeded
    headers:
      Date:
      - Wed, 08 Jun 2022 22:26:18 GMT
      Server:
      - Varnish
      Strict-Transport-Security:
      - max-age=31536000; includeSubdomains; preload
      X-Content-Type-Options:
      - nosniff
      X-Frame-Options:
      - deny
      X-Xss-Protection:
      - 1; mode=block
      Content-Security-Policy:
      - default-src 'none'; style-src 'unsafe-inline'
      Access-Control-Allow-Origin:
      - "*"
      Access-Control-Expose-Headers:
      - ETag, Link, Location, Retry-After, X-GitHub-OTP, X-RateLimit-Limit, X-RateLimit-Remaining,
        X-RateLimit-Reset, X-RateLimit-Used, X-RateLimit-Resource, X-OAuth-Scopes,
        X-Accepted-OAuth-Scopes, X-Poll-Interval, X-GitHub-Media-Type, Deprecation,
        Sunset
      Content-Type:
      - application/json; charset=utf-8
      Referrer-Policy:
      - origin-when-cross-origin, strict-origin-when-cross-origin
      X-Github-Media-Type:
      - github.v3; format=json
      X-Ratelimit-Limit:
      - '60'
      X-Ratelimit-Remaining:
      - '0'
      X-Ratelimit-Reset:
      - '1654729960'
      X-Ratelimit-Resource:
      - core
      X-Ratelimit-Used:
      - '60'
      Content-Length:
      - '278'
      X-Github-Request-Id:
      - D68F:3508:20C2F7:621BD1:62A1220A
    body:
      encoding: UTF-8
      string: '{"message":"API rate limit exceeded for 76.169.66.72. (But here''s
        the good news: Authenticated requests get a higher rate limit. Check out the
        documentation for more details.)","documentation_url":"https://docs.github.com/rest/overview/resources-in-the-rest-api#rate-limiting"}

'
  recorded_at: Wed, 08 Jun 2022 22:26:18 GMT
- request:
    method: get
    uri: https://api.github.com/repos/LukeSwenson06/little-esty-shop/pulls?per_page=100&state=closed
    body:
      encoding: US-ASCII
      string: ''
    headers:
      User-Agent:
      - Faraday v2.3.0
      Accept-Encoding:
      - gzip;q=1.0,deflate;q=0.6,identity;q=0.3
      Accept:
      - "*/*"
  response:
    status:
      code: 403
      message: rate limit exceeded
    headers:
      Date:
      - Wed, 08 Jun 2022 22:26:18 GMT
      Server:
      - Varnish
      Strict-Transport-Security:
      - max-age=31536000; includeSubdomains; preload
      X-Content-Type-Options:
      - nosniff
      X-Frame-Options:
      - deny
      X-Xss-Protection:
      - 1; mode=block
      Content-Security-Policy:
      - default-src 'none'; style-src 'unsafe-inline'
      Access-Control-Allow-Origin:
      - "*"
      Access-Control-Expose-Headers:
      - ETag, Link, Location, Retry-After, X-GitHub-OTP, X-RateLimit-Limit, X-RateLimit-Remaining,
        X-RateLimit-Reset, X-RateLimit-Used, X-RateLimit-Resource, X-OAuth-Scopes,
        X-Accepted-OAuth-Scopes, X-Poll-Interval, X-GitHub-Media-Type, Deprecation,
        Sunset
      Content-Type:
      - application/json; charset=utf-8
      Referrer-Policy:
      - origin-when-cross-origin, strict-origin-when-cross-origin
      X-Github-Media-Type:
      - github.v3; format=json
      X-Ratelimit-Limit:
      - '60'
      X-Ratelimit-Remaining:
      - '0'
      X-Ratelimit-Reset:
      - '1654729960'
      X-Ratelimit-Resource:
      - core
      X-Ratelimit-Used:
      - '60'
      Content-Length:
      - '278'
      X-Github-Request-Id:
      - D690:2FD8:29E91F:53EFC8:62A1220A
    body:
      encoding: UTF-8
      string: '{"message":"API rate limit exceeded for 76.169.66.72. (But here''s
        the good news: Authenticated requests get a higher rate limit. Check out the
        documentation for more details.)","documentation_url":"https://docs.github.com/rest/overview/resources-in-the-rest-api#rate-limiting"}

'
  recorded_at: Wed, 08 Jun 2022 22:26:18 GMT
- request:
    method: get
    uri: https://api.github.com/repos/LukeSwenson06/little-esty-shop/commits?author=sage-skaff&per_page=100
    body:
      encoding: US-ASCII
      string: ''
    headers:
      User-Agent:
      - Faraday v2.3.0
      Accept-Encoding:
      - gzip;q=1.0,deflate;q=0.6,identity;q=0.3
      Accept:
      - "*/*"
  response:
    status:
      code: 403
      message: rate limit exceeded
    headers:
      Date:
      - Wed, 08 Jun 2022 22:26:19 GMT
      Server:
      - Varnish
      Strict-Transport-Security:
      - max-age=31536000; includeSubdomains; preload
      X-Content-Type-Options:
      - nosniff
      X-Frame-Options:
      - deny
      X-Xss-Protection:
      - 1; mode=block
      Content-Security-Policy:
      - default-src 'none'; style-src 'unsafe-inline'
      Access-Control-Allow-Origin:
      - "*"
      Access-Control-Expose-Headers:
      - ETag, Link, Location, Retry-After, X-GitHub-OTP, X-RateLimit-Limit, X-RateLimit-Remaining,
        X-RateLimit-Reset, X-RateLimit-Used, X-RateLimit-Resource, X-OAuth-Scopes,
        X-Accepted-OAuth-Scopes, X-Poll-Interval, X-GitHub-Media-Type, Deprecation,
        Sunset
      Content-Type:
      - application/json; charset=utf-8
      Referrer-Policy:
      - origin-when-cross-origin, strict-origin-when-cross-origin
      X-Github-Media-Type:
      - github.v3; format=json
      X-Ratelimit-Limit:
      - '60'
      X-Ratelimit-Remaining:
      - '0'
      X-Ratelimit-Reset:
      - '1654729960'
      X-Ratelimit-Resource:
      - core
      X-Ratelimit-Used:
      - '60'
      Content-Length:
      - '278'
      X-Github-Request-Id:
      - D691:253D:DA813:253E11:62A1220B
    body:
      encoding: UTF-8
      string: '{"message":"API rate limit exceeded for 76.169.66.72. (But here''s
        the good news: Authenticated requests get a higher rate limit. Check out the
        documentation for more details.)","documentation_url":"https://docs.github.com/rest/overview/resources-in-the-rest-api#rate-limiting"}

'
  recorded_at: Wed, 08 Jun 2022 22:26:19 GMT
- request:
    method: get
    uri: https://api.github.com/repos/LukeSwenson06/little-esty-shop
    body:
      encoding: US-ASCII
      string: ''
    headers:
      User-Agent:
      - Faraday v2.3.0
      Accept-Encoding:
      - gzip;q=1.0,deflate;q=0.6,identity;q=0.3
      Accept:
      - "*/*"
  response:
    status:
      code: 403
      message: rate limit exceeded
    headers:
      Date:
      - Wed, 08 Jun 2022 22:26:19 GMT
      Server:
      - Varnish
      Strict-Transport-Security:
      - max-age=31536000; includeSubdomains; preload
      X-Content-Type-Options:
      - nosniff
      X-Frame-Options:
      - deny
      X-Xss-Protection:
      - 1; mode=block
      Content-Security-Policy:
      - default-src 'none'; style-src 'unsafe-inline'
      Access-Control-Allow-Origin:
      - "*"
      Access-Control-Expose-Headers:
      - ETag, Link, Location, Retry-After, X-GitHub-OTP, X-RateLimit-Limit, X-RateLimit-Remaining,
        X-RateLimit-Reset, X-RateLimit-Used, X-RateLimit-Resource, X-OAuth-Scopes,
        X-Accepted-OAuth-Scopes, X-Poll-Interval, X-GitHub-Media-Type, Deprecation,
        Sunset
      Content-Type:
      - application/json; charset=utf-8
      Referrer-Policy:
      - origin-when-cross-origin, strict-origin-when-cross-origin
      X-Github-Media-Type:
      - github.v3; format=json
      X-Ratelimit-Limit:
      - '60'
      X-Ratelimit-Remaining:
      - '0'
      X-Ratelimit-Reset:
      - '1654729960'
      X-Ratelimit-Resource:
      - core
      X-Ratelimit-Used:
      - '60'
      Content-Length:
      - '278'
      X-Github-Request-Id:
      - D692:0790:2D3714:55E51E:62A1220B
    body:
      encoding: UTF-8
      string: '{"message":"API rate limit exceeded for 76.169.66.72. (But here''s
        the good news: Authenticated requests get a higher rate limit. Check out the
        documentation for more details.)","documentation_url":"https://docs.github.com/rest/overview/resources-in-the-rest-api#rate-limiting"}

'
  recorded_at: Wed, 08 Jun 2022 22:26:19 GMT
- request:
    method: get
    uri: https://api.github.com/repos/LukeSwenson06/little-esty-shop/contributors
    body:
      encoding: US-ASCII
      string: ''
    headers:
      User-Agent:
      - Faraday v2.3.0
      Accept-Encoding:
      - gzip;q=1.0,deflate;q=0.6,identity;q=0.3
      Accept:
      - "*/*"
  response:
    status:
      code: 403
      message: rate limit exceeded
    headers:
      Date:
      - Wed, 08 Jun 2022 22:26:20 GMT
      Server:
      - Varnish
      Strict-Transport-Security:
      - max-age=31536000; includeSubdomains; preload
      X-Content-Type-Options:
      - nosniff
      X-Frame-Options:
      - deny
      X-Xss-Protection:
      - 1; mode=block
      Content-Security-Policy:
      - default-src 'none'; style-src 'unsafe-inline'
      Access-Control-Allow-Origin:
      - "*"
      Access-Control-Expose-Headers:
      - ETag, Link, Location, Retry-After, X-GitHub-OTP, X-RateLimit-Limit, X-RateLimit-Remaining,
        X-RateLimit-Reset, X-RateLimit-Used, X-RateLimit-Resource, X-OAuth-Scopes,
        X-Accepted-OAuth-Scopes, X-Poll-Interval, X-GitHub-Media-Type, Deprecation,
        Sunset
      Content-Type:
      - application/json; charset=utf-8
      Referrer-Policy:
      - origin-when-cross-origin, strict-origin-when-cross-origin
      X-Github-Media-Type:
      - github.v3; format=json
      X-Ratelimit-Limit:
      - '60'
      X-Ratelimit-Remaining:
      - '0'
      X-Ratelimit-Reset:
      - '1654729960'
      X-Ratelimit-Resource:
      - core
      X-Ratelimit-Used:
      - '60'
      Content-Length:
      - '278'
      X-Github-Request-Id:
      - D693:7C98:226058:604D0B:62A1220C
    body:
      encoding: UTF-8
      string: '{"message":"API rate limit exceeded for 76.169.66.72. (But here''s
        the good news: Authenticated requests get a higher rate limit. Check out the
        documentation for more details.)","documentation_url":"https://docs.github.com/rest/overview/resources-in-the-rest-api#rate-limiting"}

'
  recorded_at: Wed, 08 Jun 2022 22:26:20 GMT
- request:
    method: get
    uri: https://api.github.com/repos/LukeSwenson06/little-esty-shop/pulls?per_page=100&state=closed
    body:
      encoding: US-ASCII
      string: ''
    headers:
      User-Agent:
      - Faraday v2.3.0
      Accept-Encoding:
      - gzip;q=1.0,deflate;q=0.6,identity;q=0.3
      Accept:
      - "*/*"
  response:
    status:
      code: 403
      message: rate limit exceeded
    headers:
      Date:
      - Wed, 08 Jun 2022 22:26:20 GMT
      Server:
      - Varnish
      Strict-Transport-Security:
      - max-age=31536000; includeSubdomains; preload
      X-Content-Type-Options:
      - nosniff
      X-Frame-Options:
      - deny
      X-Xss-Protection:
      - 1; mode=block
      Content-Security-Policy:
      - default-src 'none'; style-src 'unsafe-inline'
      Access-Control-Allow-Origin:
      - "*"
      Access-Control-Expose-Headers:
      - ETag, Link, Location, Retry-After, X-GitHub-OTP, X-RateLimit-Limit, X-RateLimit-Remaining,
        X-RateLimit-Reset, X-RateLimit-Used, X-RateLimit-Resource, X-OAuth-Scopes,
        X-Accepted-OAuth-Scopes, X-Poll-Interval, X-GitHub-Media-Type, Deprecation,
        Sunset
      Content-Type:
      - application/json; charset=utf-8
      Referrer-Policy:
      - origin-when-cross-origin, strict-origin-when-cross-origin
      X-Github-Media-Type:
      - github.v3; format=json
      X-Ratelimit-Limit:
      - '60'
      X-Ratelimit-Remaining:
      - '0'
      X-Ratelimit-Reset:
      - '1654729960'
      X-Ratelimit-Resource:
      - core
      X-Ratelimit-Used:
      - '60'
      Content-Length:
      - '278'
      X-Github-Request-Id:
      - D694:064A:2B6541:57ABF1:62A1220C
    body:
      encoding: UTF-8
      string: '{"message":"API rate limit exceeded for 76.169.66.72. (But here''s
        the good news: Authenticated requests get a higher rate limit. Check out the
        documentation for more details.)","documentation_url":"https://docs.github.com/rest/overview/resources-in-the-rest-api#rate-limiting"}

'
  recorded_at: Wed, 08 Jun 2022 22:26:20 GMT
- request:
    method: get
    uri: https://api.github.com/repos/LukeSwenson06/little-esty-shop/commits?author=sage-skaff&per_page=100
    body:
      encoding: US-ASCII
      string: ''
    headers:
      User-Agent:
      - Faraday v2.3.0
      Accept-Encoding:
      - gzip;q=1.0,deflate;q=0.6,identity;q=0.3
      Accept:
      - "*/*"
  response:
    status:
      code: 403
      message: rate limit exceeded
    headers:
      Date:
      - Wed, 08 Jun 2022 22:26:21 GMT
      Server:
      - Varnish
      Strict-Transport-Security:
      - max-age=31536000; includeSubdomains; preload
      X-Content-Type-Options:
      - nosniff
      X-Frame-Options:
      - deny
      X-Xss-Protection:
      - 1; mode=block
      Content-Security-Policy:
      - default-src 'none'; style-src 'unsafe-inline'
      Access-Control-Allow-Origin:
      - "*"
      Access-Control-Expose-Headers:
      - ETag, Link, Location, Retry-After, X-GitHub-OTP, X-RateLimit-Limit, X-RateLimit-Remaining,
        X-RateLimit-Reset, X-RateLimit-Used, X-RateLimit-Resource, X-OAuth-Scopes,
        X-Accepted-OAuth-Scopes, X-Poll-Interval, X-GitHub-Media-Type, Deprecation,
        Sunset
      Content-Type:
      - application/json; charset=utf-8
      Referrer-Policy:
      - origin-when-cross-origin, strict-origin-when-cross-origin
      X-Github-Media-Type:
      - github.v3; format=json
      X-Ratelimit-Limit:
      - '60'
      X-Ratelimit-Remaining:
      - '0'
      X-Ratelimit-Reset:
      - '1654729960'
      X-Ratelimit-Resource:
      - core
      X-Ratelimit-Used:
      - '60'
      Content-Length:
      - '278'
      X-Github-Request-Id:
      - D695:7833:1AB96B:3E44CF:62A1220D
    body:
      encoding: UTF-8
      string: '{"message":"API rate limit exceeded for 76.169.66.72. (But here''s
        the good news: Authenticated requests get a higher rate limit. Check out the
        documentation for more details.)","documentation_url":"https://docs.github.com/rest/overview/resources-in-the-rest-api#rate-limiting"}

'
  recorded_at: Wed, 08 Jun 2022 22:26:21 GMT
- request:
    method: get
    uri: https://api.github.com/repos/LukeSwenson06/little-esty-shop
    body:
      encoding: US-ASCII
      string: ''
    headers:
      User-Agent:
      - Faraday v2.3.0
      Accept-Encoding:
      - gzip;q=1.0,deflate;q=0.6,identity;q=0.3
      Accept:
      - "*/*"
  response:
    status:
      code: 403
      message: rate limit exceeded
    headers:
      Date:
      - Wed, 08 Jun 2022 22:26:21 GMT
      Server:
      - Varnish
      Strict-Transport-Security:
      - max-age=31536000; includeSubdomains; preload
      X-Content-Type-Options:
      - nosniff
      X-Frame-Options:
      - deny
      X-Xss-Protection:
      - 1; mode=block
      Content-Security-Policy:
      - default-src 'none'; style-src 'unsafe-inline'
      Access-Control-Allow-Origin:
      - "*"
      Access-Control-Expose-Headers:
      - ETag, Link, Location, Retry-After, X-GitHub-OTP, X-RateLimit-Limit, X-RateLimit-Remaining,
        X-RateLimit-Reset, X-RateLimit-Used, X-RateLimit-Resource, X-OAuth-Scopes,
        X-Accepted-OAuth-Scopes, X-Poll-Interval, X-GitHub-Media-Type, Deprecation,
        Sunset
      Content-Type:
      - application/json; charset=utf-8
      Referrer-Policy:
      - origin-when-cross-origin, strict-origin-when-cross-origin
      X-Github-Media-Type:
      - github.v3; format=json
      X-Ratelimit-Limit:
      - '60'
      X-Ratelimit-Remaining:
      - '0'
      X-Ratelimit-Reset:
      - '1654729960'
      X-Ratelimit-Resource:
      - core
      X-Ratelimit-Used:
      - '60'
      Content-Length:
      - '278'
      X-Github-Request-Id:
      - D696:606A:2B87E3:547D84:62A1220D
    body:
      encoding: UTF-8
      string: '{"message":"API rate limit exceeded for 76.169.66.72. (But here''s
        the good news: Authenticated requests get a higher rate limit. Check out the
        documentation for more details.)","documentation_url":"https://docs.github.com/rest/overview/resources-in-the-rest-api#rate-limiting"}

'
  recorded_at: Wed, 08 Jun 2022 22:26:22 GMT
- request:
    method: get
    uri: https://api.github.com/repos/LukeSwenson06/little-esty-shop/contributors
    body:
      encoding: US-ASCII
      string: ''
    headers:
      User-Agent:
      - Faraday v2.3.0
      Accept-Encoding:
      - gzip;q=1.0,deflate;q=0.6,identity;q=0.3
      Accept:
      - "*/*"
  response:
    status:
      code: 403
      message: rate limit exceeded
    headers:
      Date:
      - Wed, 08 Jun 2022 22:26:22 GMT
      Server:
      - Varnish
      Strict-Transport-Security:
      - max-age=31536000; includeSubdomains; preload
      X-Content-Type-Options:
      - nosniff
      X-Frame-Options:
      - deny
      X-Xss-Protection:
      - 1; mode=block
      Content-Security-Policy:
      - default-src 'none'; style-src 'unsafe-inline'
      Access-Control-Allow-Origin:
      - "*"
      Access-Control-Expose-Headers:
      - ETag, Link, Location, Retry-After, X-GitHub-OTP, X-RateLimit-Limit, X-RateLimit-Remaining,
        X-RateLimit-Reset, X-RateLimit-Used, X-RateLimit-Resource, X-OAuth-Scopes,
        X-Accepted-OAuth-Scopes, X-Poll-Interval, X-GitHub-Media-Type, Deprecation,
        Sunset
      Content-Type:
      - application/json; charset=utf-8
      Referrer-Policy:
      - origin-when-cross-origin, strict-origin-when-cross-origin
      X-Github-Media-Type:
      - github.v3; format=json
      X-Ratelimit-Limit:
      - '60'
      X-Ratelimit-Remaining:
      - '0'
      X-Ratelimit-Reset:
      - '1654729960'
      X-Ratelimit-Resource:
      - core
      X-Ratelimit-Used:
      - '60'
      Content-Length:
      - '278'
      X-Github-Request-Id:
      - D697:211D:2A0A0A:4C58D6:62A1220E
    body:
      encoding: UTF-8
      string: '{"message":"API rate limit exceeded for 76.169.66.72. (But here''s
        the good news: Authenticated requests get a higher rate limit. Check out the
        documentation for more details.)","documentation_url":"https://docs.github.com/rest/overview/resources-in-the-rest-api#rate-limiting"}

'
  recorded_at: Wed, 08 Jun 2022 22:26:22 GMT
- request:
    method: get
    uri: https://api.github.com/repos/LukeSwenson06/little-esty-shop/pulls?per_page=100&state=closed
    body:
      encoding: US-ASCII
      string: ''
    headers:
      User-Agent:
      - Faraday v2.3.0
      Accept-Encoding:
      - gzip;q=1.0,deflate;q=0.6,identity;q=0.3
      Accept:
      - "*/*"
  response:
    status:
      code: 403
      message: rate limit exceeded
    headers:
      Date:
      - Wed, 08 Jun 2022 22:26:23 GMT
      Server:
      - Varnish
      Strict-Transport-Security:
      - max-age=31536000; includeSubdomains; preload
      X-Content-Type-Options:
      - nosniff
      X-Frame-Options:
      - deny
      X-Xss-Protection:
      - 1; mode=block
      Content-Security-Policy:
      - default-src 'none'; style-src 'unsafe-inline'
      Access-Control-Allow-Origin:
      - "*"
      Access-Control-Expose-Headers:
      - ETag, Link, Location, Retry-After, X-GitHub-OTP, X-RateLimit-Limit, X-RateLimit-Remaining,
        X-RateLimit-Reset, X-RateLimit-Used, X-RateLimit-Resource, X-OAuth-Scopes,
        X-Accepted-OAuth-Scopes, X-Poll-Interval, X-GitHub-Media-Type, Deprecation,
        Sunset
      Content-Type:
      - application/json; charset=utf-8
      Referrer-Policy:
      - origin-when-cross-origin, strict-origin-when-cross-origin
      X-Github-Media-Type:
      - github.v3; format=json
      X-Ratelimit-Limit:
      - '60'
      X-Ratelimit-Remaining:
      - '0'
      X-Ratelimit-Reset:
      - '1654729960'
      X-Ratelimit-Resource:
      - core
      X-Ratelimit-Used:
      - '60'
      Content-Length:
      - '278'
      X-Github-Request-Id:
      - D698:4DD2:1B74F1:3F8B57:62A1220E
    body:
      encoding: UTF-8
      string: '{"message":"API rate limit exceeded for 76.169.66.72. (But here''s
        the good news: Authenticated requests get a higher rate limit. Check out the
        documentation for more details.)","documentation_url":"https://docs.github.com/rest/overview/resources-in-the-rest-api#rate-limiting"}

'
  recorded_at: Wed, 08 Jun 2022 22:26:23 GMT
- request:
    method: get
    uri: https://api.github.com/repos/LukeSwenson06/little-esty-shop/commits?author=sage-skaff&per_page=100
    body:
      encoding: US-ASCII
      string: ''
    headers:
      User-Agent:
      - Faraday v2.3.0
      Accept-Encoding:
      - gzip;q=1.0,deflate;q=0.6,identity;q=0.3
      Accept:
      - "*/*"
  response:
    status:
      code: 403
      message: rate limit exceeded
    headers:
      Date:
      - Wed, 08 Jun 2022 22:26:23 GMT
      Server:
      - Varnish
      Strict-Transport-Security:
      - max-age=31536000; includeSubdomains; preload
      X-Content-Type-Options:
      - nosniff
      X-Frame-Options:
      - deny
      X-Xss-Protection:
      - 1; mode=block
      Content-Security-Policy:
      - default-src 'none'; style-src 'unsafe-inline'
      Access-Control-Allow-Origin:
      - "*"
      Access-Control-Expose-Headers:
      - ETag, Link, Location, Retry-After, X-GitHub-OTP, X-RateLimit-Limit, X-RateLimit-Remaining,
        X-RateLimit-Reset, X-RateLimit-Used, X-RateLimit-Resource, X-OAuth-Scopes,
        X-Accepted-OAuth-Scopes, X-Poll-Interval, X-GitHub-Media-Type, Deprecation,
        Sunset
      Content-Type:
      - application/json; charset=utf-8
      Referrer-Policy:
      - origin-when-cross-origin, strict-origin-when-cross-origin
      X-Github-Media-Type:
      - github.v3; format=json
      X-Ratelimit-Limit:
      - '60'
      X-Ratelimit-Remaining:
      - '0'
      X-Ratelimit-Reset:
      - '1654729960'
      X-Ratelimit-Resource:
      - core
      X-Ratelimit-Used:
      - '60'
      Content-Length:
      - '278'
      X-Github-Request-Id:
      - D699:4A4C:2F96AF:645D19:62A1220F
    body:
      encoding: UTF-8
      string: '{"message":"API rate limit exceeded for 76.169.66.72. (But here''s
        the good news: Authenticated requests get a higher rate limit. Check out the
        documentation for more details.)","documentation_url":"https://docs.github.com/rest/overview/resources-in-the-rest-api#rate-limiting"}

'
  recorded_at: Wed, 08 Jun 2022 22:26:23 GMT
recorded_with: VCR 6.1.0
