---
http_interactions:
- request:
    method: get
    uri: https://api.github.com/repos/LukeSwenson06/little-esty-shop
    body:
      encoding: US-ASCII
      string: ''
    headers:
      User-Agent:
      - Faraday v2.3.0
      Accept-Encoding:
      - gzip;q=1.0,deflate;q=0.6,identity;q=0.3
      Accept:
      - "*/*"
  response:
    status:
      code: 403
      message: rate limit exceeded
    headers:
      Date:
      - Wed, 08 Jun 2022 00:07:58 GMT
      Server:
      - Varnish
      Strict-Transport-Security:
      - max-age=31536000; includeSubdomains; preload
      X-Content-Type-Options:
      - nosniff
      X-Frame-Options:
      - deny
      X-Xss-Protection:
      - 1; mode=block
      Content-Security-Policy:
      - default-src 'none'; style-src 'unsafe-inline'
      Access-Control-Allow-Origin:
      - "*"
      Access-Control-Expose-Headers:
      - ETag, Link, Location, Retry-After, X-GitHub-OTP, X-RateLimit-Limit, X-RateLimit-Remaining,
        X-RateLimit-Reset, X-RateLimit-Used, X-RateLimit-Resource, X-OAuth-Scopes,
        X-Accepted-OAuth-Scopes, X-Poll-Interval, X-GitHub-Media-Type, Deprecation,
        Sunset
      Content-Type:
      - application/json; charset=utf-8
      Referrer-Policy:
      - origin-when-cross-origin, strict-origin-when-cross-origin
      X-Github-Media-Type:
      - github.v3; format=json
      X-Ratelimit-Limit:
      - '60'
      X-Ratelimit-Remaining:
      - '0'
      X-Ratelimit-Reset:
      - '1654647897'
      X-Ratelimit-Resource:
      - core
      X-Ratelimit-Used:
      - '60'
      Content-Length:
      - '278'
      X-Github-Request-Id:
      - D8B8:6A34:9EC66:190E25:629FE85E
    body:
      encoding: UTF-8
      string: '{"message":"API rate limit exceeded for 76.169.66.72. (But here''s
        the good news: Authenticated requests get a higher rate limit. Check out the
        documentation for more details.)","documentation_url":"https://docs.github.com/rest/overview/resources-in-the-rest-api#rate-limiting"}

'
  recorded_at: Wed, 08 Jun 2022 00:07:58 GMT
- request:
    method: get
    uri: https://api.github.com/repos/LukeSwenson06/little-esty-shop
    body:
      encoding: US-ASCII
      string: ''
    headers:
      User-Agent:
      - Faraday v2.3.0
      Accept-Encoding:
      - gzip;q=1.0,deflate;q=0.6,identity;q=0.3
      Accept:
      - "*/*"
  response:
    status:
      code: 403
      message: rate limit exceeded
    headers:
      Date:
      - Wed, 08 Jun 2022 00:07:58 GMT
      Server:
      - Varnish
      Strict-Transport-Security:
      - max-age=31536000; includeSubdomains; preload
      X-Content-Type-Options:
      - nosniff
      X-Frame-Options:
      - deny
      X-Xss-Protection:
      - 1; mode=block
      Content-Security-Policy:
      - default-src 'none'; style-src 'unsafe-inline'
      Access-Control-Allow-Origin:
      - "*"
      Access-Control-Expose-Headers:
      - ETag, Link, Location, Retry-After, X-GitHub-OTP, X-RateLimit-Limit, X-RateLimit-Remaining,
        X-RateLimit-Reset, X-RateLimit-Used, X-RateLimit-Resource, X-OAuth-Scopes,
        X-Accepted-OAuth-Scopes, X-Poll-Interval, X-GitHub-Media-Type, Deprecation,
        Sunset
      Content-Type:
      - application/json; charset=utf-8
      Referrer-Policy:
      - origin-when-cross-origin, strict-origin-when-cross-origin
      X-Github-Media-Type:
      - github.v3; format=json
      X-Ratelimit-Limit:
      - '60'
      X-Ratelimit-Remaining:
      - '0'
      X-Ratelimit-Reset:
      - '1654647897'
      X-Ratelimit-Resource:
      - core
      X-Ratelimit-Used:
      - '60'
      Content-Length:
      - '278'
      X-Github-Request-Id:
      - D8B9:1916:198400:324B21:629FE85E
    body:
      encoding: UTF-8
      string: '{"message":"API rate limit exceeded for 76.169.66.72. (But here''s
        the good news: Authenticated requests get a higher rate limit. Check out the
        documentation for more details.)","documentation_url":"https://docs.github.com/rest/overview/resources-in-the-rest-api#rate-limiting"}

'
  recorded_at: Wed, 08 Jun 2022 00:07:58 GMT
- request:
    method: get
    uri: https://api.github.com/repos/LukeSwenson06/little-esty-shop
    body:
      encoding: US-ASCII
      string: ''
    headers:
      User-Agent:
      - Faraday v2.3.0
      Accept-Encoding:
      - gzip;q=1.0,deflate;q=0.6,identity;q=0.3
      Accept:
      - "*/*"
  response:
    status:
      code: 403
      message: rate limit exceeded
    headers:
      Date:
      - Wed, 08 Jun 2022 00:07:59 GMT
      Server:
      - Varnish
      Strict-Transport-Security:
      - max-age=31536000; includeSubdomains; preload
      X-Content-Type-Options:
      - nosniff
      X-Frame-Options:
      - deny
      X-Xss-Protection:
      - 1; mode=block
      Content-Security-Policy:
      - default-src 'none'; style-src 'unsafe-inline'
      Access-Control-Allow-Origin:
      - "*"
      Access-Control-Expose-Headers:
      - ETag, Link, Location, Retry-After, X-GitHub-OTP, X-RateLimit-Limit, X-RateLimit-Remaining,
        X-RateLimit-Reset, X-RateLimit-Used, X-RateLimit-Resource, X-OAuth-Scopes,
        X-Accepted-OAuth-Scopes, X-Poll-Interval, X-GitHub-Media-Type, Deprecation,
        Sunset
      Content-Type:
      - application/json; charset=utf-8
      Referrer-Policy:
      - origin-when-cross-origin, strict-origin-when-cross-origin
      X-Github-Media-Type:
      - github.v3; format=json
      X-Ratelimit-Limit:
      - '60'
      X-Ratelimit-Remaining:
      - '0'
      X-Ratelimit-Reset:
      - '1654647897'
      X-Ratelimit-Resource:
      - core
      X-Ratelimit-Used:
      - '60'
      Content-Length:
      - '278'
      X-Github-Request-Id:
      - D8BA:8E63:EA2FA:227EDF:629FE85F
    body:
      encoding: UTF-8
      string: '{"message":"API rate limit exceeded for 76.169.66.72. (But here''s
        the good news: Authenticated requests get a higher rate limit. Check out the
        documentation for more details.)","documentation_url":"https://docs.github.com/rest/overview/resources-in-the-rest-api#rate-limiting"}

'
  recorded_at: Wed, 08 Jun 2022 00:07:59 GMT
- request:
    method: get
    uri: https://api.github.com/repos/LukeSwenson06/little-esty-shop
    body:
      encoding: US-ASCII
      string: ''
    headers:
      User-Agent:
      - Faraday v2.3.0
      Accept-Encoding:
      - gzip;q=1.0,deflate;q=0.6,identity;q=0.3
      Accept:
      - "*/*"
  response:
    status:
      code: 403
      message: rate limit exceeded
    headers:
      Date:
      - Wed, 08 Jun 2022 00:08:00 GMT
      Server:
      - Varnish
      Strict-Transport-Security:
      - max-age=31536000; includeSubdomains; preload
      X-Content-Type-Options:
      - nosniff
      X-Frame-Options:
      - deny
      X-Xss-Protection:
      - 1; mode=block
      Content-Security-Policy:
      - default-src 'none'; style-src 'unsafe-inline'
      Access-Control-Allow-Origin:
      - "*"
      Access-Control-Expose-Headers:
      - ETag, Link, Location, Retry-After, X-GitHub-OTP, X-RateLimit-Limit, X-RateLimit-Remaining,
        X-RateLimit-Reset, X-RateLimit-Used, X-RateLimit-Resource, X-OAuth-Scopes,
        X-Accepted-OAuth-Scopes, X-Poll-Interval, X-GitHub-Media-Type, Deprecation,
        Sunset
      Content-Type:
      - application/json; charset=utf-8
      Referrer-Policy:
      - origin-when-cross-origin, strict-origin-when-cross-origin
      X-Github-Media-Type:
      - github.v3; format=json
      X-Ratelimit-Limit:
      - '60'
      X-Ratelimit-Remaining:
      - '0'
      X-Ratelimit-Reset:
      - '1654647897'
      X-Ratelimit-Resource:
      - core
      X-Ratelimit-Used:
      - '60'
      Content-Length:
      - '278'
      X-Github-Request-Id:
      - D8BB:732E:1BDBC0:346E3A:629FE85F
    body:
      encoding: UTF-8
      string: '{"message":"API rate limit exceeded for 76.169.66.72. (But here''s
        the good news: Authenticated requests get a higher rate limit. Check out the
        documentation for more details.)","documentation_url":"https://docs.github.com/rest/overview/resources-in-the-rest-api#rate-limiting"}

'
  recorded_at: Wed, 08 Jun 2022 00:08:00 GMT
- request:
    method: get
    uri: https://api.github.com/repos/LukeSwenson06/little-esty-shop
    body:
      encoding: US-ASCII
      string: ''
    headers:
      User-Agent:
      - Faraday v2.3.0
      Accept-Encoding:
      - gzip;q=1.0,deflate;q=0.6,identity;q=0.3
      Accept:
      - "*/*"
  response:
    status:
      code: 403
      message: rate limit exceeded
    headers:
      Date:
      - Wed, 08 Jun 2022 00:08:00 GMT
      Server:
      - Varnish
      Strict-Transport-Security:
      - max-age=31536000; includeSubdomains; preload
      X-Content-Type-Options:
      - nosniff
      X-Frame-Options:
      - deny
      X-Xss-Protection:
      - 1; mode=block
      Content-Security-Policy:
      - default-src 'none'; style-src 'unsafe-inline'
      Access-Control-Allow-Origin:
      - "*"
      Access-Control-Expose-Headers:
      - ETag, Link, Location, Retry-After, X-GitHub-OTP, X-RateLimit-Limit, X-RateLimit-Remaining,
        X-RateLimit-Reset, X-RateLimit-Used, X-RateLimit-Resource, X-OAuth-Scopes,
        X-Accepted-OAuth-Scopes, X-Poll-Interval, X-GitHub-Media-Type, Deprecation,
        Sunset
      Content-Type:
      - application/json; charset=utf-8
      Referrer-Policy:
      - origin-when-cross-origin, strict-origin-when-cross-origin
      X-Github-Media-Type:
      - github.v3; format=json
      X-Ratelimit-Limit:
      - '60'
      X-Ratelimit-Remaining:
      - '0'
      X-Ratelimit-Reset:
      - '1654647897'
      X-Ratelimit-Resource:
      - core
      X-Ratelimit-Used:
      - '60'
      Content-Length:
      - '278'
      X-Github-Request-Id:
      - D8BC:4FFF:134F2B:37A05F:629FE860
    body:
      encoding: UTF-8
      string: '{"message":"API rate limit exceeded for 76.169.66.72. (But here''s
        the good news: Authenticated requests get a higher rate limit. Check out the
        documentation for more details.)","documentation_url":"https://docs.github.com/rest/overview/resources-in-the-rest-api#rate-limiting"}

'
  recorded_at: Wed, 08 Jun 2022 00:08:00 GMT
- request:
    method: get
    uri: https://api.github.com/repos/LukeSwenson06/little-esty-shop
    body:
      encoding: US-ASCII
      string: ''
    headers:
      User-Agent:
      - Faraday v2.3.0
      Accept-Encoding:
      - gzip;q=1.0,deflate;q=0.6,identity;q=0.3
      Accept:
      - "*/*"
  response:
    status:
      code: 403
      message: rate limit exceeded
    headers:
      Date:
      - Wed, 08 Jun 2022 00:08:01 GMT
      Server:
      - Varnish
      Strict-Transport-Security:
      - max-age=31536000; includeSubdomains; preload
      X-Content-Type-Options:
      - nosniff
      X-Frame-Options:
      - deny
      X-Xss-Protection:
      - 1; mode=block
      Content-Security-Policy:
      - default-src 'none'; style-src 'unsafe-inline'
      Access-Control-Allow-Origin:
      - "*"
      Access-Control-Expose-Headers:
      - ETag, Link, Location, Retry-After, X-GitHub-OTP, X-RateLimit-Limit, X-RateLimit-Remaining,
        X-RateLimit-Reset, X-RateLimit-Used, X-RateLimit-Resource, X-OAuth-Scopes,
        X-Accepted-OAuth-Scopes, X-Poll-Interval, X-GitHub-Media-Type, Deprecation,
        Sunset
      Content-Type:
      - application/json; charset=utf-8
      Referrer-Policy:
      - origin-when-cross-origin, strict-origin-when-cross-origin
      X-Github-Media-Type:
      - github.v3; format=json
      X-Ratelimit-Limit:
      - '60'
      X-Ratelimit-Remaining:
      - '0'
      X-Ratelimit-Reset:
      - '1654647897'
      X-Ratelimit-Resource:
      - core
      X-Ratelimit-Used:
      - '60'
      Content-Length:
      - '278'
      X-Github-Request-Id:
      - D8BD:68BF:19F25F:32526B:629FE861
    body:
      encoding: UTF-8
      string: '{"message":"API rate limit exceeded for 76.169.66.72. (But here''s
        the good news: Authenticated requests get a higher rate limit. Check out the
        documentation for more details.)","documentation_url":"https://docs.github.com/rest/overview/resources-in-the-rest-api#rate-limiting"}

'
  recorded_at: Wed, 08 Jun 2022 00:08:01 GMT
recorded_with: VCR 6.1.0
